// Jest Snapshot v1, https://goo.gl/fbAQLP

exports[`UsersControlpanelGroups renders a UsersControlpanelGroups component 1`] = `
<tr
  className=""
>
  <td
    className=""
  >
    Administrators
  </td>
  <td
    className=""
  />
  <td
    className=""
  />
  <td
    className=""
  />
  <td
    className="right aligned"
  >
    <div
      aria-expanded={false}
      className="ui dropdown"
      onBlur={[Function]}
      onChange={[Function]}
      onClick={[Function]}
      onFocus={[Function]}
      onMouseDown={[Function]}
      role="listbox"
      tabIndex={0}
    >
      <div
        aria-live="polite"
        className="text"
        role="alert"
      />
      <i
        aria-hidden="true"
        className="ellipsis horizontal icon"
        onClick={[Function]}
      />
      <div
        className="menu transition left"
      >
        <div
          className="item"
          onClick={[Function]}
          role="option"
        >
          <i
            aria-hidden="true"
            className="trash icon"
          />
          <span>
            Delete
          </span>
        </div>
      </div>
    </div>
  </td>
</tr>
`;
