// Jest Snapshot v1, https://goo.gl/fbAQLP

exports[`renders a view rss component 1`] = `
<p
  className="tile image align"
>
  <div
    className="ui card"
    onClick={[Function]}
  >
    <div
      className="ui feed"
    >
      <div
        className="event"
      >
        <div
          className="date"
        />
      </div>
      <div
        className="event"
      />
    </div>
  </div>
</p>
`;
