// Jest Snapshot v1, https://goo.gl/fbAQLP

exports[`renders a view hero component 1`] = `
<div
  className="tile hero"
>
  <div
    className="product-hero"
  >
    <img
      alt=""
      src="heroimage.jpg/@@images/image"
    />
    <div
      className="product-hero-body"
    >
      <p />
    </div>
  </div>
</div>
`;
