// Jest Snapshot v1, https://goo.gl/fbAQLP

exports[`renders a view html component 1`] = `
<div
  dangerouslySetInnerHTML={
    Object {
      "__html": "<h1></h1>",
    }
  }
/>
`;
